// Jest Snapshot v1, https://goo.gl/fbAQLP

exports[`Claim List Page tests should match snapshot 1`] = `null`;
