// Jest Snapshot v1, https://goo.gl/fbAQLP

exports[`Status filter tests should match snapshot 1`] = `
<div
  className="StatusFilter"
>
  <p>
    Filter by claim status
  </p>
  <FormSelect
    aria-label="Default select example"
    className="StatusFilter__Select"
    data-testid="select"
    id="status"
    onChange={[Function]}
    size="lg"
  >
    <option
      value="ShowAll"
    >
      Show All
    </option>
    <option
      value="Submitted"
    >
      Submitted
    </option>
    <option
      value="Approved"
    >
      Approved
    </option>
    <option
      value="Processed"
    >
      Processed
    </option>
    <option
      value="Completed"
    >
      Completed
    </option>
    <option
      value="Rejected"
    >
      Rejected
    </option>
  </FormSelect>
</div>
`;
