// Jest Snapshot v1, https://goo.gl/fbAQLP

exports[`Not Found Page tests should match snapshot 1`] = `null`;
